cargo :    Compiling loom v0.1.0 (C:\Users\Tayeb\Documents\loom)
At line:27 char:5
+     cargo test 2>&1 | Tee-Object test.log
+     ~~~~~~~~~~~~~~~
    + CategoryInfo          : NotSpecified: (   Compiling lo...Documents\loom):String) [], RemoteException
    + FullyQualifiedErrorId : NativeCommandError
 
warning: unused imports: `Condition`, `Literal`, `Source`, and `Statement`
 --> src\translate_csharp.rs:1:17
  |
1 | use crate::ir::{Condition, Function, Literal, Source, Statement};
  |                 ^^^^^^^^^            ^^^^^^^  ^^^^^^  ^^^^^^^^^
  |
  = note: `#[warn(unused_imports)]` (part of `#[warn(unused)]`) on by default

warning: unused imports: `Condition`, `Literal`, `Source`, and `Statement`
 --> src\translate_dart.rs:1:17
  |
1 | use crate::ir::{Condition, Function, Literal, Source, Statement};
  |                 ^^^^^^^^^            ^^^^^^^  ^^^^^^  ^^^^^^^^^

warning: unused imports: `Condition`, `Literal`, `Source`, and `Statement`
 --> src\translate_go.rs:1:17
  |
1 | use crate::ir::{Condition, Function, Literal, Source, Statement};
  |                 ^^^^^^^^^            ^^^^^^^  ^^^^^^  ^^^^^^^^^

warning: unused imports: `Condition`, `Literal`, `Source`, and `Statement`
 --> src\translate_javascript.rs:1:17
  |
1 | use crate::ir::{Condition, Function, Literal, Source, Statement};
  |                 ^^^^^^^^^            ^^^^^^^  ^^^^^^  ^^^^^^^^^

warning: unused imports: `Condition`, `Literal`, `Source`, and `Statement`
 --> src\translate_kotlin.rs:1:17
  |
1 | use crate::ir::{Condition, Function, Literal, Source, Statement};
  |                 ^^^^^^^^^            ^^^^^^^  ^^^^^^  ^^^^^^^^^

warning: unused imports: `Condition`, `Literal`, `Source`, and `Statement`
 --> src\translate_nim.rs:1:17
  |
1 | use crate::ir::{Condition, Function, Literal, Source, Statement};
  |                 ^^^^^^^^^            ^^^^^^^  ^^^^^^  ^^^^^^^^^

warning: unused imports: `Condition`, `Literal`, `Source`, and `Statement`
 --> src\translate_python.rs:1:17
  |
1 | use crate::ir::{Condition, Function, Literal, Source, Statement};
  |                 ^^^^^^^^^            ^^^^^^^  ^^^^^^  ^^^^^^^^^

warning: unused imports: `Condition` and `StringSource`
 --> src\translate_rust.rs:2:5
  |
2 |     Condition, FileMode, Function, Literal, LiteralOrVariable, Source, Statement, StringSource,
  |     ^^^^^^^^^                                                                     ^^^^^^^^^^^^

warning: unused imports: `Condition`, `Literal`, `Source`, and `Statement`
 --> src\translate_swift.rs:1:17
  |
1 | use crate::ir::{Condition, Function, Literal, Source, Statement};
  |                 ^^^^^^^^^            ^^^^^^^  ^^^^^^  ^^^^^^^^^

warning: unused imports: `Condition`, `Literal`, `Source`, and `Statement`
 --> src\translate_typescript.rs:1:17
  |
1 | use crate::ir::{Condition, Function, Literal, Source, Statement};
  |                 ^^^^^^^^^            ^^^^^^^  ^^^^^^  ^^^^^^^^^

warning: unused imports: `Condition`, `Literal`, `Source`, and `Statement`
 --> src\translate_zig.rs:1:17
  |
1 | use crate::ir::{Condition, Function, Literal, Source, Statement};
  |                 ^^^^^^^^^            ^^^^^^^  ^^^^^^  ^^^^^^^^^

warning: unused variable: `value`
  --> src\parser_pli.rs:27:28
   |
27 |                 if let (Ok(value), Ok(_)) = (left_op.parse::<i64>(), right_op.parse::<i64>()) {
   |                            ^^^^^ help: if this is intentional, prefix it with an underscore: `_value`
   |
   = note: `#[warn(unused_variables)]` (part of `#[warn(unused)]`) on by default

warning: unused variable: `function`
 --> src\translate_csharp.rs:4:18
  |
4 | pub fn translate(function: &Function) -> String {
  |                  ^^^^^^^^ help: if this is intentional, prefix it with an underscore: `_function`

warning: unused variable: `function`
 --> src\translate_dart.rs:4:18
  |
4 | pub fn translate(function: &Function) -> String {
  |                  ^^^^^^^^ help: if this is intentional, prefix it with an underscore: `_function`

warning: unused variable: `function`
 --> src\translate_go.rs:4:18
  |
4 | pub fn translate(function: &Function) -> String {
  |                  ^^^^^^^^ help: if this is intentional, prefix it with an underscore: `_function`

warning: unused variable: `function`
 --> src\translate_javascript.rs:4:18
  |
4 | pub fn translate(function: &Function) -> String {
  |                  ^^^^^^^^ help: if this is intentional, prefix it with an underscore: `_function`

warning: unused variable: `function`
 --> src\translate_kotlin.rs:4:18
  |
4 | pub fn translate(function: &Function) -> String {
  |                  ^^^^^^^^ help: if this is intentional, prefix it with an underscore: `_function`

warning: unused variable: `function`
 --> src\translate_nim.rs:4:18
  |
4 | pub fn translate(function: &Function) -> String {
  |                  ^^^^^^^^ help: if this is intentional, prefix it with an underscore: `_function`

warning: unused variable: `function`
 --> src\translate_python.rs:4:18
  |
4 | pub fn translate(function: &Function) -> String {
  |                  ^^^^^^^^ help: if this is intentional, prefix it with an underscore: `_function`

warning: unused variable: `function`
 --> src\translate_swift.rs:4:18
  |
4 | pub fn translate(function: &Function) -> String {
  |                  ^^^^^^^^ help: if this is intentional, prefix it with an underscore: `_function`

warning: unused variable: `function`
 --> src\translate_typescript.rs:4:18
  |
4 | pub fn translate(function: &Function) -> String {
  |                  ^^^^^^^^ help: if this is intentional, prefix it with an underscore: `_function`

warning: unused variable: `function`
 --> src\translate_zig.rs:4:18
  |
4 | pub fn translate(function: &Function) -> String {
  |                  ^^^^^^^^ help: if this is intentional, prefix it with an underscore: `_function`

warning: trait `LegacyRunner` is never used
 --> src\interpreter.rs:5:11
  |
5 | pub trait LegacyRunner {
  |           ^^^^^^^^^^^^
  |
  = note: `#[warn(dead_code)]` (part of `#[warn(unused)]`) on by default

warning: struct `CommandRunner` is never constructed
  --> src\interpreter.rs:10:12
   |
10 | pub struct CommandRunner {
   |            ^^^^^^^^^^^^^

warning: associated function `new` is never used
  --> src\interpreter.rs:17:12
   |
16 | impl CommandRunner {
   | ------------------ associated function in this implementation
17 |     pub fn new(command: &str, args: Vec<String>, ext: &str) -> Self {
   |            ^^^

warning: function `parse_output` is never used
  --> src\interpreter.rs:62:4
   |
62 | fn parse_output(s: &str) -> anyhow::Result<HashMap<String, i64>> {
   |    ^^^^^^^^^^^^

warning: struct `VariableDefinition` is never constructed
   --> src\ir.rs:166:12
    |
166 | pub struct VariableDefinition {
    |            ^^^^^^^^^^^^^^^^^^

warning: enum `PicType` is never used
   --> src\ir.rs:176:10
    |
176 | pub enum PicType {
    |          ^^^^^^^

warning: enum `CompType` is never used
   --> src\ir.rs:185:10
    |
185 | pub enum CompType {
    |          ^^^^^^^^

warning: struct `DataField` is never constructed
   --> src\ir.rs:193:12
    |
193 | pub struct DataField {
    |            ^^^^^^^^^

warning: struct `PicClause` is never constructed
   --> src\ir.rs:203:12
    |
203 | pub struct PicClause {
    |            ^^^^^^^^^

warning: enum `PicCategory` is never used
   --> src\ir.rs:212:10
    |
212 | pub enum PicCategory {
    |          ^^^^^^^^^^^

warning: enum `UsageClause` is never used
   --> src\ir.rs:219:10
    |
219 | pub enum UsageClause {
    |          ^^^^^^^^^^^

warning: variant `Mixed` is never constructed
  --> src\migration.rs:14:5
   |
11 | pub enum Routing {
   |          ------- variant in this enum
...
14 |     Mixed,
   |     ^^^^^
   |
   = note: `Routing` has a derived impl for the trait `Clone`, but this is intentionally ignored during dead code analy
sis

warning: function `parse_pic_clause` is never used
   --> src\parser_cobol.rs:473:4
    |
473 | fn parse_pic_clause(pic: &str) -> crate::ir::PicClause {
    |    ^^^^^^^^^^^^^^^^

warning: function `detect_usage` is never used
   --> src\parser_cobol.rs:510:4
    |
510 | fn detect_usage(line: &str) -> Option<crate::ir::UsageClause> {
    |    ^^^^^^^^^^^^

warning: function `parse_pic` is never used
 --> src\pic_parser.rs:3:8
  |
3 | pub fn parse_pic(pic: &str) -> Option<PicType> {
  |        ^^^^^^^^^

warning: function `parse_comp` is never used
  --> src\pic_parser.rs:47:8
   |
47 | pub fn parse_comp(line: &str) -> Option<CompType> {
   |        ^^^^^^^^^^

warning: function `extract_len` is never used
  --> src\pic_parser.rs:61:4
   |
61 | fn extract_len(pic: &str) -> usize {
   |    ^^^^^^^^^^^

warning: `loom` (bin "loom") generated 39 warnings (run `cargo fix --bin "loom" -p loom` to apply 22 suggestions)
warning: `loom` (bin "loom" test) generated 39 warnings (39 duplicates)
error[E0433]: failed to resolve: use of unresolved module or unlinked crate `loom`
 --> tests\comp3_tests.rs:1:5
  |
1 | use loom::parser_cobol::parse_program;
  |     ^^^^ use of unresolved module or unlinked crate `loom`
  |
  = help: if you wanted to use a crate named `loom`, use `cargo add loom` to add it to your `Cargo.toml`

For more information about this error, try `rustc --explain E0433`.
error: could not compile `loom` (test "comp3_tests") due to 1 previous error
